Coerce function for 'invalidCoercer' must be a function.
