'invalidFormat': "format" must be a function or a known format type.
