Validation function for 'invalidValidator' must be a function.
